########################################################
# Cadence Innovus Power Report
# Design: smart_soc_top
# Corner: slow_125c
# Date: 2026-06-10 05:22:31
########################################################

Power Analysis Summary
======================

  Total Dynamic Power:     124.52 mW
  Total Leakage Power:       8.21 mW
  Total Power:             132.73 mW

Hierarchy Breakdown:
--------------------
  Module                       Dynamic(mW)  Leakage(mW)   Total(mW)    %
  -------------------------------------------------------------------
  smart_soc_top                  124.52        8.21        132.73    100.0%
    u_core                        82.14        4.98         87.12     65.6%
      u_core/u_alu                28.41        1.82         30.23     22.8%
      u_core/u_fpu                22.87        1.44         24.31     18.3%
      u_core/u_decode             14.33        0.91         15.24     11.5%
      u_core/u_lsu                10.21        0.58         10.79      8.1%
      u_core/u_ctrl                6.32        0.23          6.55      4.9%
    u_mem                         24.19        2.11         26.30     19.8%
      u_mem/u_cache               18.44        1.67         20.11     15.2%
      u_mem/u_dram                 5.75        0.44          6.19      4.7%
    u_io                          12.44        0.88         13.32     10.0%
      u_io/u_uart                  4.21        0.31          4.52      3.4%
      u_io/u_spi                   3.88        0.28          4.16      3.1%
      u_io/u_gpio                  4.35        0.29          4.64      3.5%
    u_debug                        5.75        0.24          5.99      4.5%

Clock Power Analysis:
---------------------
  clk_core:  44.21 mW  (33.3% of total)
  clk_mem:   12.88 mW  (  9.7% of total)
  clk_per:    3.44 mW  (  2.6% of total)
  Total clock: 60.53 mW

Primary Power Consumers:
------------------------
  1. u_core/u_fpu/u_fpu_mult    8.91 mW  (FP multiplier — hotspot)
  2. u_mem/u_cache/u_cache_ram  7.22 mW  (SRAM array)
  3. u_core/u_alu/u_adder_64    5.44 mW  (64-bit adder)
  4. u_core/u_fpu/u_fpu_add     4.88 mW  (FP adder)
  5. u_mem/u_cache/u_lru        3.11 mW  (LRU replacement logic)

########################################################
# End of Power Report
########################################################
