########################################################
# Cadence Innovus Routing Report
# Design: smart_soc_top
# Date: 2026-06-10 07:14:09
########################################################

Routing Summary:
----------------
  Total Nets:              19087
  Routed Nets:             19087  (100.0%)
  Unrouted Nets:               0
  Total Wire Length:        892.4 mm
  Total Vias:             124521

Layer Utilization:
------------------
  Layer   Type      Length(mm)  Utilization
  M1      Horizontal    45.2      22.4%
  M2      Vertical     112.4      44.1%
  M3      Horizontal   188.7      55.8%
  M4      Vertical     221.3      61.2%
  M5      Horizontal   178.9      52.3%
  M6      Vertical     101.4      38.7%
  M7      Horizontal    44.5      18.2%

DRC Violations:
---------------
  Short Violations:        0
  Spacing Violations:      3  [WARNING]
    Net u_core/u_fpu/mantissa[18]  M3  at (1241.4, 1822.1)
    Net u_core/u_fpu/mantissa[19]  M3  at (1241.4, 1823.8)
    Net u_mem/u_cache/addr[12]     M4  at (881.2,  1201.5)
  Width Violations:        0
  Antenna Violations:      7  [WARNING]
    u_core/u_alu/reg_result[3]     ratio: 312  (limit: 300)
    u_core/u_fpu/exp_reg[7]        ratio: 298  (limit: 300)  OK
    u_mem/u_cache/hit_way[0]       ratio: 445  (limit: 300)  VIOLATION

Via Counts by Layer:
--------------------
  V1 (M1-M2):    34122
  V2 (M2-M3):    31441
  V3 (M3-M4):    28834
  V4 (M4-M5):    18221
  V5 (M5-M6):     9144
  V6 (M6-M7):     2759

Signal Integrity:
-----------------
  Crosstalk Sensitive Nets:  1204
  Nets with SI Violations:     23
  Max delta-delay (rise):   +0.044 ns
  Max delta-delay (fall):   +0.038 ns

########################################################
# End of Routing Report
########################################################
