2024-03-15 08:23:01 [INFO] Server started on port 8080
2024-03-15 08:23:05 [INFO] Database connection established
2024-03-15 08:25:12 [INFO] User login: admin from 192.168.1.100
2024-03-15 08:30:45 [WARN] High memory usage detected: 85%
2024-03-15 08:35:12 [ERROR] Failed to fetch data from API endpoint /v2/users
2024-03-15 08:35:12 [ERROR] ConnectionTimeout: API server unreachable after 30s
2024-03-15 08:40:00 [INFO] Scheduled task: cleanup_temp_files completed
2024-03-15 08:45:33 [ERROR] Database query timeout on table: orders
2024-03-15 08:45:33 [ERROR] Stack trace: com.db.ConnectionPool.exhausted
2024-03-15 08:50:01 [INFO] Health check passed
2024-03-15 09:00:00 [INFO] Scheduled backup started
2024-03-15 09:05:22 [WARN] Disk usage at 78% on /var/log
2024-03-15 09:10:44 [ERROR] SSL certificate expires in 7 days for api.example.com
2024-03-15 09:15:30 [INFO] Cache cleared: 15234 entries removed
2024-03-15 09:20:00 [ERROR] Rate limit exceeded for IP 203.0.113.50
2024-03-15 09:20:00 [WARN] Possible brute force attempt from 203.0.113.50
2024-03-15 09:30:15 [INFO] Deployed version 4.2.1 successfully
2024-03-15 09:35:00 [ERROR] Unhandled exception in worker thread
2024-03-15 09:35:00 [ERROR] NullPointerException at line 452 of RequestHandler.java
2024-03-15 09:40:22 [INFO] New session created for user: operator1
2024-03-15 09:45:00 [WARN] Response time exceeding threshold: 2500ms avg
2024-03-15 09:50:30 [INFO] Log rotation completed
2024-03-15 10:00:00 [ERROR] OutOfMemoryError: Java heap space
2024-03-15 10:00:01 [ERROR] JVM crash dump initiated
2024-03-15 10:05:00 [INFO] Service restarted after OOM recovery
2024-03-15 10:10:15 [INFO] All health checks passed after restart
2024-03-15 10:15:44 [WARN] GC pause exceeded 500ms threshold
2024-03-15 10:20:33 [ERROR] Authentication failed for user: test_user
2024-03-15 10:20:33 [WARN] Multiple failed logins detected for test_user
2024-03-15 10:30:00 [INFO] Scheduled report generation started
2024-03-15 10:35:22 [ERROR] Report generation failed: insufficient disk space
2024-03-15 10:40:00 [INFO] Disk cleanup freed 2.3GB
2024-03-15 10:45:00 [ERROR] External service timeout: payment gateway
2024-03-15 10:45:00 [ERROR] Transaction rollback initiated for order #8847
2024-03-15 10:50:15 [INFO] Payment gateway reconnected
2024-03-15 11:00:00 [INFO] Morning summary: 45 errors, 12 warnings
2024-03-15 11:05:30 [WARN] Thread pool nearing capacity: 95/100 active
2024-03-15 11:10:45 [ERROR] Deadlock detected on resource: user_sessions
2024-03-15 11:10:45 [ERROR] Thread dump captured for analysis
2024-03-15 11:15:00 [INFO] Deadlock resolved after timeout
2024-03-15 11:20:30 [INFO] Backup completed: 1.2GB compressed
2024-03-15 11:30:00 [INFO] Scheduled task: update_metrics completed
2024-03-15 11:35:12 [WARN] API response time degraded: 1800ms avg
2024-03-15 11:40:00 [ERROR] File not found: /opt/config/production.yml.bak
2024-03-15 11:45:20 [INFO] Configuration reloaded from primary source
2024-03-15 11:50:00 [INFO] System metrics exported to monitoring service
2024-03-15 12:00:00 [INFO] Noon checkpoint: 127 errors, 58 warnings, 342 info
2024-03-15 12:05:15 [ERROR] CORS policy violation from origin: malicious-site.com
2024-03-15 12:10:30 [WARN] Session count exceeding normal: 1250 active
2024-03-15 12:15:45 [INFO] Load balancer health check: all nodes healthy
2024-03-15 12:20:00 [ERROR] Database replication lag: 45 seconds
2024-03-15 12:25:30 [INFO] Replication caught up
2024-03-15 12:30:00 [INFO] A/B test deployed: variant_24b
2024-03-15 12:35:12 [ERROR] Validation error in form submission: missing required field 'email'
2024-03-15 12:40:00 [INFO] Form validation schema updated
2024-03-15 12:45:30 [WARN] Unusual traffic pattern detected from region: Asia
2024-03-15 12:50:00 [INFO] DDoS protection rules updated
2024-03-15 13:00:00 [INFO] Afternoon shift started
2024-03-15 13:05:45 [ERROR] Memory leak detected in connection pool
2024-03-15 13:05:45 [ERROR] Heap usage: 92% and climbing
2024-03-15 13:10:00 [WARN] Emergency GC triggered
2024-03-15 13:15:30 [INFO] Memory stabilized at 67%
2024-03-15 13:20:00 [ERROR] Feature flag not found: dark_mode_v2
2024-03-15 13:25:15 [INFO] Feature flags reloaded from config service
2024-03-15 13:30:00 [INFO] Scheduled task: index_rebuild completed in 120s
2024-03-15 13:35:45 [ERROR] Elasticsearch cluster health: RED
2024-03-15 13:35:45 [ERROR] Shard allocation failed for index: logs_2024_03
2024-03-15 13:40:00 [WARN] Elasticsearch recovery in progress
2024-03-15 13:45:30 [INFO] Elasticsearch cluster recovered to YELLOW
2024-03-15 13:50:00 [INFO] Search index fully operational
2024-03-15 14:00:00 [INFO] Afternoon health check passed
2024-03-15 14:05:15 [WARN] DNS resolution slow for external-api.example.com
2024-03-15 14:10:30 [ERROR] DNS resolution failed for payment-processor.com
2024-03-15 14:10:30 [ERROR] Fallback DNS used: 8.8.8.8
2024-03-15 14:15:00 [INFO] DNS recovered via primary resolver
2024-03-15 14:20:45 [INFO] Monitoring dashboard updated
2024-03-15 14:25:00 [ERROR] Unauthorized access attempt to /admin/config
2024-03-15 14:25:00 [WARN] IP 198.51.100.7 blocked for 1 hour
2024-03-15 14:30:30 [INFO] Security audit log entry created
2024-03-15 14:35:00 [INFO] User registration: 23 new accounts today
2024-03-15 14:40:15 [ERROR] Email service timeout: smtp.example.com
2024-03-15 14:40:15 [WARN] Emails queued for retry
2024-03-15 14:45:00 [INFO] Email service reconnected
2024-03-15 14:50:30 [INFO] Batch emails sent: 156 delivered
2024-03-15 15:00:00 [INFO] Hourly summary: 89 errors, 45 warnings
2024-03-15 15:05:00 [INFO] Scheduled task: data_export started
2024-03-15 15:10:30 [ERROR] Export failed: CSV writer timeout
2024-03-15 15:15:00 [INFO] Export restarted with chunked processing
2024-03-15 15:20:45 [INFO] Export completed: 50000 rows
2024-03-15 15:25:00 [INFO] CDN cache invalidated
2024-03-15 15:30:15 [WARN] Slow query detected: SELECT * FROM orders JOIN users (15.2s)
2024-03-15 15:35:00 [INFO] Query optimization index added
2024-03-15 15:40:30 [ERROR] Service mesh proxy error: upstream connection refused
2024-03-15 15:45:00 [INFO] Proxy configuration updated
2024-03-15 15:50:15 [INFO] All services healthy
2024-03-15 16:00:00 [INFO] End of business day processing started
2024-03-15 16:05:30 [INFO] Daily revenue report: $125,430
2024-03-15 16:10:00 [ERROR] Night batch job scheduling failed
2024-03-15 16:15:00 [INFO] Cron service restarted
2024-03-15 16:20:45 [INFO] Night batch jobs rescheduled
2024-03-15 16:25:00 [INFO] End-of-day log rotation initiated
2024-03-15 16:30:00 [INFO] System prepared for overnight operation
2024-03-15 16:35:15 [ERROR] Monitoring alert: CPU spike detected on worker-3
2024-03-15 16:40:00 [INFO] CPU usage normalized after process kill
2024-03-15 16:45:30 [INFO] Night shift handoff complete
2024-03-15 17:00:00 [INFO] Evening status: 342 errors, 128 warnings, 1547 info
