########################################################
# Cadence Innovus Timing Report
# Design: smart_soc_top
# Corner: slow_125c
# Date: 2026-06-10 03:42:17
########################################################

===========================================================
  Timing Report Summary
===========================================================
  WNS  (Worst Negative Slack):  -0.842 ns
  TNS  (Total Negative Slack):  -14.231 ns
  WHS  (Worst Hold Slack):       0.041 ns
  THS  (Total Hold Slack):       1.234 ns
  Violating Paths:              23
===========================================================

-----------------------------------------------------------
Path 1: VIOLATED  (Setup)
  Startpoint:   u_core/u_alu/reg_result[7] (rising edge-triggered FF clk_core)
  Endpoint:     u_core/u_decode/inst_reg[7] (rising edge-triggered FF clk_core)
  Path Group:   clk_core
  Launch Clock: clk_core (period: 2.000 ns)
  Capture Clock: clk_core (period: 2.000 ns)

  Data Required Time:   1.914 ns
  Data Arrival Time:    2.756 ns
  slack                -0.842 ns  VIOLATED
-----------------------------------------------------------

-----------------------------------------------------------
Path 2: VIOLATED  (Setup)
  Startpoint:   u_mem/u_cache/addr_buf[15] (rising edge-triggered FF clk_mem)
  Endpoint:     u_mem/u_dram/req_addr[15] (rising edge-triggered FF clk_mem)
  Path Group:   clk_mem
  Launch Clock: clk_mem (period: 3.000 ns)
  Capture Clock: clk_mem (period: 3.000 ns)

  Data Required Time:   2.812 ns
  Data Arrival Time:    3.594 ns
  slack                -0.782 ns  VIOLATED
-----------------------------------------------------------

-----------------------------------------------------------
Path 3: VIOLATED  (Setup)
  Startpoint:   u_core/u_fpu/mantissa[22] (rising edge-triggered FF clk_core)
  Endpoint:     u_core/u_fpu/result_buf[22] (rising edge-triggered FF clk_core)
  Path Group:   clk_core
  Launch Clock: clk_core (period: 2.000 ns)
  Capture Clock: clk_core (period: 2.000 ns)

  Data Required Time:   1.914 ns
  Data Arrival Time:    2.625 ns
  slack                -0.711 ns  VIOLATED
-----------------------------------------------------------

-----------------------------------------------------------
Path 4: VIOLATED  (Setup)
  Startpoint:   u_io/u_uart/tx_shift[7] (rising edge-triggered FF clk_per)
  Endpoint:     u_io/u_uart/tx_done (rising edge-triggered FF clk_per)
  Path Group:   clk_per
  Launch Clock: clk_per (period: 10.000 ns)
  Capture Clock: clk_per (period: 10.000 ns)

  Data Required Time:   9.812 ns
  Data Arrival Time:    10.456 ns
  slack                -0.644 ns  VIOLATED
-----------------------------------------------------------

-----------------------------------------------------------
Path 5: VIOLATED  (Setup)
  Startpoint:   u_core/u_alu/carry_out (rising edge-triggered FF clk_core)
  Endpoint:     u_core/u_alu/status_c (rising edge-triggered FF clk_core)
  Path Group:   clk_core
  Launch Clock: clk_core (period: 2.000 ns)
  Capture Clock: clk_core (period: 2.000 ns)

  Data Required Time:   1.914 ns
  Data Arrival Time:    2.472 ns
  slack                -0.558 ns  VIOLATED
-----------------------------------------------------------

-----------------------------------------------------------
Path 6: VIOLATED  (Setup)
  Startpoint:   u_mem/u_cache/hit_way[1] (rising edge-triggered FF clk_core)
  Endpoint:     u_core/u_lsu/cache_way[1] (rising edge-triggered FF clk_core)
  Path Group:   clk_core/clk_core (CDC)
  Launch Clock: clk_core (period: 2.000 ns)
  Capture Clock: clk_core (period: 2.000 ns)

  Data Required Time:   1.914 ns
  Data Arrival Time:    2.388 ns
  slack                -0.474 ns  VIOLATED
-----------------------------------------------------------

-----------------------------------------------------------
Path 7: MET
  Startpoint:   u_core/u_ctrl/state[3] (rising edge-triggered FF clk_core)
  Endpoint:     u_core/u_ctrl/next_state[3] (rising edge-triggered FF clk_core)
  Path Group:   clk_core
  Launch Clock: clk_core (period: 2.000 ns)
  Capture Clock: clk_core (period: 2.000 ns)

  Data Required Time:   1.914 ns
  Data Arrival Time:    1.723 ns
  slack                 0.191 ns  MET
-----------------------------------------------------------

-----------------------------------------------------------
Path 8: MET
  Startpoint:   u_io/u_spi/sclk_div[7] (rising edge-triggered FF clk_per)
  Endpoint:     u_io/u_spi/sclk_out (rising edge-triggered FF clk_per)
  Path Group:   clk_per

  Data Required Time:   9.812 ns
  Data Arrival Time:    9.544 ns
  slack                 0.268 ns  MET
-----------------------------------------------------------

===========================================================
  Clock Domain Summary
===========================================================
  clk_core:   500 MHz  |  Violations: 18  |  WNS: -0.842 ns
  clk_mem:    333 MHz  |  Violations:  4  |  WNS: -0.782 ns
  clk_per:    100 MHz  |  Violations:  1  |  WNS: -0.644 ns
===========================================================

  UNCONSTRAINED PATHS: 3
  Path u_debug/u_jtag/tdo_out - no clock constraint found
  Path u_debug/u_jtag/tms_sync - no clock constraint found
  Path u_debug/u_bscan/capture - no clock constraint found

===========================================================
  End of Report
===========================================================
